// Jest Snapshot v1, https://goo.gl/fbAQLP

exports[`filter-properties-assignemnt component should match current snapshot of artifact-tab component 1`] = `
<filter-properties-assignment
  allSelected="false"
  clearAll={[Function Function]}
  close={[Function Function]}
  filterData={[Function FilterPropertiesAssignmentData]}
  filterPopover={[Function ElementRef]}
  footerButtons={[Function Object]}
  onTypeSelected={[Function Function]}
  search={[Function Function]}
  searchProperties={[Function EventEmitter]}
  selectAll={[Function Function]}
  selectedTypes={[Function Object]}
  someTypesSelectedAndThereIsPropertyName={[Function Function]}
>
  <popover-content
    placement="bottom-right"
  >
    <form>
      <div
        class="field"
      >
        <label>
          Resource Type
        </label>
        <div>
          <checkbox
            data-tests-id="filter-checkbox-all"
          />
        </div>
        
      </div>
      <div
        class="field"
      >
        <label>
          Property Name
        </label>
        <input
          class="i-sdc-form-input"
          data-tests-id="filter-box"
          name="propertyName"
          placeholder="Type here"
          required=""
        />
      </div>
    </form>
  </popover-content><div
    class="open-filter-button"
  >
    <div
      class="sprite-new filter-icon"
      data-tests-id="filter-button"
    />
  </div>
</filter-properties-assignment>
`;
